Archive member included because of file (symbol)

c:/winavr-20100110/bin/../lib/gcc/avr/4.3.3/avr5\libgcc.a(_mulsi3.o)
                              pid.o (__mulsi3)
c:/winavr-20100110/bin/../lib/gcc/avr/4.3.3/avr5\libgcc.a(_udivmodhi4.o)
                              scheduler.o (__udivmodhi4)
c:/winavr-20100110/bin/../lib/gcc/avr/4.3.3/avr5\libgcc.a(_divmodhi4.o)
                              lf.o (__divmodhi4)
c:/winavr-20100110/bin/../lib/gcc/avr/4.3.3/avr5\libgcc.a(_udivmodsi4.o)
                              pid.o (__udivmodsi4)
c:/winavr-20100110/bin/../lib/gcc/avr/4.3.3/avr5\libgcc.a(_exit.o)
                              c:/winavr-20100110/bin/../lib/gcc/avr/4.3.3/../../../../avr/lib/avr5/crtm16.o (exit)
c:/winavr-20100110/bin/../lib/gcc/avr/4.3.3/avr5\libgcc.a(_copy_data.o)
                              lf.o (__do_copy_data)
c:/winavr-20100110/bin/../lib/gcc/avr/4.3.3/avr5\libgcc.a(_clear_bss.o)
                              lf.o (__do_clear_bss)
c:/winavr-20100110/bin/../lib/gcc/avr/4.3.3/../../../../avr/lib/avr5\libc.a(eerd_word_atmega16.o)
                              pid.o (__eerd_word_m16)
c:/winavr-20100110/bin/../lib/gcc/avr/4.3.3/../../../../avr/lib/avr5\libc.a(eewr_word_atmega16.o)
                              pid.o (__eewr_word_m16)
c:/winavr-20100110/bin/../lib/gcc/avr/4.3.3/../../../../avr/lib/avr5\libc.a(eerd_block_atmega16.o)
                              c:/winavr-20100110/bin/../lib/gcc/avr/4.3.3/../../../../avr/lib/avr5\libc.a(eerd_word_atmega16.o) (__eerd_blraw_m16)
c:/winavr-20100110/bin/../lib/gcc/avr/4.3.3/../../../../avr/lib/avr5\libc.a(eewr_byte_atmega16.o)
                              c:/winavr-20100110/bin/../lib/gcc/avr/4.3.3/../../../../avr/lib/avr5\libc.a(eewr_word_atmega16.o) (__eewr_byte_m16)

Allocating common symbols
Common symbol       size              file

sensor_values       0x14              lf.o
prv_error           0x2               pid.o
output              0x2               pid.o
uart_tx_state       0x1               uart.o
active_tasks        0x1               scheduler.o
uart_buffer         0x14              communication_handler.o
task_array          0x10              scheduler.o
task_period         0x10              scheduler.o
error               0x2               pid.o
uart_rx_index       0x1               uart.o
uart_rx_state       0x1               uart.o
derivate            0x2               pid.o
qtr_values          0x14              QTR.o
uart_rx_buffer      0x14              uart.o

Memory Configuration

Name             Origin             Length             Attributes
text             0x00000000         0x00020000         xr
data             0x00800060         0x0000ffa0         rw !x
eeprom           0x00810000         0x00010000         rw !x
fuse             0x00820000         0x00000400         rw !x
lock             0x00830000         0x00000400         rw !x
signature        0x00840000         0x00000400         rw !x
*default*        0x00000000         0xffffffff

Linker script and memory map

LOAD c:/winavr-20100110/bin/../lib/gcc/avr/4.3.3/../../../../avr/lib/avr5/crtm16.o
LOAD lf.o
LOAD pwm.o
LOAD QTR.o
LOAD uart.o
LOAD timer.o
LOAD scheduler.o
LOAD pid.o
LOAD communication_handler.o
LOAD c:/winavr-20100110/bin/../lib/gcc/avr/4.3.3/avr5\libgcc.a
LOAD c:/winavr-20100110/bin/../lib/gcc/avr/4.3.3/../../../../avr/lib/avr5\libc.a
LOAD c:/winavr-20100110/bin/../lib/gcc/avr/4.3.3/avr5\libgcc.a

.hash
 *(.hash)

.dynsym
 *(.dynsym)

.dynstr
 *(.dynstr)

.gnu.version
 *(.gnu.version)

.gnu.version_d
 *(.gnu.version_d)

.gnu.version_r
 *(.gnu.version_r)

.rel.init
 *(.rel.init)

.rela.init
 *(.rela.init)

.rel.text
 *(.rel.text)
 *(.rel.text.*)
 *(.rel.gnu.linkonce.t*)

.rela.text
 *(.rela.text)
 *(.rela.text.*)
 *(.rela.gnu.linkonce.t*)

.rel.fini
 *(.rel.fini)

.rela.fini
 *(.rela.fini)

.rel.rodata
 *(.rel.rodata)
 *(.rel.rodata.*)
 *(.rel.gnu.linkonce.r*)

.rela.rodata
 *(.rela.rodata)
 *(.rela.rodata.*)
 *(.rela.gnu.linkonce.r*)

.rel.data
 *(.rel.data)
 *(.rel.data.*)
 *(.rel.gnu.linkonce.d*)

.rela.data
 *(.rela.data)
 *(.rela.data.*)
 *(.rela.gnu.linkonce.d*)

.rel.ctors
 *(.rel.ctors)

.rela.ctors
 *(.rela.ctors)

.rel.dtors
 *(.rel.dtors)

.rela.dtors
 *(.rela.dtors)

.rel.got
 *(.rel.got)

.rela.got
 *(.rela.got)

.rel.bss
 *(.rel.bss)

.rela.bss
 *(.rela.bss)

.rel.plt
 *(.rel.plt)

.rela.plt
 *(.rela.plt)

.text           0x00000000      0xbfe
 *(.vectors)
 .vectors       0x00000000       0x54 c:/winavr-20100110/bin/../lib/gcc/avr/4.3.3/../../../../avr/lib/avr5/crtm16.o
                0x00000000                __vectors
                0x00000000                __vector_default
 *(.vectors)
 *(.progmem.gcc*)
 *(.progmem*)
                0x00000054                . = ALIGN (0x2)
                0x00000054                __trampolines_start = .
 *(.trampolines)
 .trampolines   0x00000054        0x0 linker stubs
 *(.trampolines*)
                0x00000054                __trampolines_end = .
 *(.jumptables)
 *(.jumptables*)
 *(.lowtext)
 *(.lowtext*)
                0x00000054                __ctors_start = .
 *(.ctors)
                0x00000054                __ctors_end = .
                0x00000054                __dtors_start = .
 *(.dtors)
                0x00000054                __dtors_end = .
 SORT(*)(.ctors)
 SORT(*)(.dtors)
 *(.init0)
 .init0         0x00000054        0x0 c:/winavr-20100110/bin/../lib/gcc/avr/4.3.3/../../../../avr/lib/avr5/crtm16.o
                0x00000054                __init
 *(.init0)
 *(.init1)
 *(.init1)
 *(.init2)
 .init2         0x00000054        0xc c:/winavr-20100110/bin/../lib/gcc/avr/4.3.3/../../../../avr/lib/avr5/crtm16.o
 *(.init2)
 *(.init3)
 *(.init3)
 *(.init4)
 .init4         0x00000060       0x16 c:/winavr-20100110/bin/../lib/gcc/avr/4.3.3/avr5\libgcc.a(_copy_data.o)
                0x00000060                __do_copy_data
 .init4         0x00000076       0x10 c:/winavr-20100110/bin/../lib/gcc/avr/4.3.3/avr5\libgcc.a(_clear_bss.o)
                0x00000076                __do_clear_bss
 *(.init4)
 *(.init5)
 *(.init5)
 *(.init6)
 *(.init6)
 *(.init7)
 *(.init7)
 *(.init8)
 *(.init8)
 *(.init9)
 .init9         0x00000086        0x8 c:/winavr-20100110/bin/../lib/gcc/avr/4.3.3/../../../../avr/lib/avr5/crtm16.o
 *(.init9)
 *(.text)
 .text          0x0000008e        0x4 c:/winavr-20100110/bin/../lib/gcc/avr/4.3.3/../../../../avr/lib/avr5/crtm16.o
                0x0000008e                __vector_1
                0x0000008e                __vector_12
                0x0000008e                __bad_interrupt
                0x0000008e                __vector_6
                0x0000008e                __vector_3
                0x0000008e                __vector_17
                0x0000008e                __vector_7
                0x0000008e                __vector_5
                0x0000008e                __vector_4
                0x0000008e                __vector_9
                0x0000008e                __vector_2
                0x0000008e                __vector_15
                0x0000008e                __vector_8
                0x0000008e                __vector_14
                0x0000008e                __vector_10
                0x0000008e                __vector_16
                0x0000008e                __vector_18
                0x0000008e                __vector_20
 .text          0x00000092      0x16e lf.o
                0x00000092                main
                0x00000108                alg
 .text          0x00000200       0x94 pwm.o
                0x00000200                pwm_init
                0x0000021c                pwm_setMotors
                0x00000256                pwm_setMotorsSigned
 .text          0x00000294      0x186 QTR.o
                0x000002a6                QTR_reading
                0x00000294                QTR_init
                0x000003dc                QTR_compute
 .text          0x0000041a      0x110 uart.o
                0x00000432                uart_rx_flush
                0x000004ae                __vector_11
                0x0000041a                __vector_13
                0x0000046e                uart_init
                0x00000492                uart_sendByte
                0x0000049a                uart_sendByteNotBlocking
 .text          0x0000052a       0x16 timer.o
                0x0000052a                timer_init
                0x0000053c                timer_setValue
 .text          0x00000540      0x16e scheduler.o
                0x0000059a                sch_setTask
                0x00000540                dummy_task
                0x000005d0                sch_main
                0x0000065a                sch_init
                0x00000542                __vector_19
                0x00000576                sch_setTaskStatus
 .text          0x000006ae      0x282 pid.o
                0x000006b4                PID_getP
                0x00000736                pid_setD
                0x0000074a                pid_calculate
                0x000008c4                PID_writeToEepromD
                0x00000712                pid_setpoint
                0x000008e4                PID_writeToEepromP_D
                0x000008d4                PID_writeToEepromP
                0x000006f0                PID_useEepromValues
                0x00000740                pid_setP
                0x0000071c                pid_set_consts
                0x000006ae                pid_init
                0x000006c0                PID_getD
                0x000006cc                PID_EepromValidValues
                0x0000090a                PID_readFromEepromP_D
 .text          0x00000930      0x1aa communication_handler.o
                0x00000930                communication_handler_init
                0x00000932                _analyse_cmd
                0x00000aa2                communication_handler_task
 .text          0x00000ada        0x0 c:/winavr-20100110/bin/../lib/gcc/avr/4.3.3/avr5\libgcc.a(_mulsi3.o)
 .text          0x00000ada        0x0 c:/winavr-20100110/bin/../lib/gcc/avr/4.3.3/avr5\libgcc.a(_udivmodhi4.o)
 .text          0x00000ada        0x0 c:/winavr-20100110/bin/../lib/gcc/avr/4.3.3/avr5\libgcc.a(_divmodhi4.o)
 .text          0x00000ada        0x0 c:/winavr-20100110/bin/../lib/gcc/avr/4.3.3/avr5\libgcc.a(_udivmodsi4.o)
 .text          0x00000ada        0x0 c:/winavr-20100110/bin/../lib/gcc/avr/4.3.3/avr5\libgcc.a(_exit.o)
 .text          0x00000ada        0x0 c:/winavr-20100110/bin/../lib/gcc/avr/4.3.3/avr5\libgcc.a(_copy_data.o)
 .text          0x00000ada        0x0 c:/winavr-20100110/bin/../lib/gcc/avr/4.3.3/avr5\libgcc.a(_clear_bss.o)
 .text          0x00000ada        0x0 c:/winavr-20100110/bin/../lib/gcc/avr/4.3.3/../../../../avr/lib/avr5\libc.a(eerd_word_atmega16.o)
 .text          0x00000ada        0x0 c:/winavr-20100110/bin/../lib/gcc/avr/4.3.3/../../../../avr/lib/avr5\libc.a(eewr_word_atmega16.o)
 .text          0x00000ada        0x0 c:/winavr-20100110/bin/../lib/gcc/avr/4.3.3/../../../../avr/lib/avr5\libc.a(eerd_block_atmega16.o)
 .text          0x00000ada        0x0 c:/winavr-20100110/bin/../lib/gcc/avr/4.3.3/../../../../avr/lib/avr5\libc.a(eewr_byte_atmega16.o)
                0x00000ada                . = ALIGN (0x2)
 *(.text.*)
 .text.libgcc   0x00000ada       0x3e c:/winavr-20100110/bin/../lib/gcc/avr/4.3.3/avr5\libgcc.a(_mulsi3.o)
                0x00000ada                __mulsi3
 .text.libgcc   0x00000b18       0x28 c:/winavr-20100110/bin/../lib/gcc/avr/4.3.3/avr5\libgcc.a(_udivmodhi4.o)
                0x00000b18                __udivmodhi4
 .text.libgcc   0x00000b40       0x26 c:/winavr-20100110/bin/../lib/gcc/avr/4.3.3/avr5\libgcc.a(_divmodhi4.o)
                0x00000b40                __divmodhi4
                0x00000b40                _div
 .text.libgcc   0x00000b66       0x44 c:/winavr-20100110/bin/../lib/gcc/avr/4.3.3/avr5\libgcc.a(_udivmodsi4.o)
                0x00000b66                __udivmodsi4
 .text.libgcc   0x00000baa        0x0 c:/winavr-20100110/bin/../lib/gcc/avr/4.3.3/avr5\libgcc.a(_exit.o)
 .text.libgcc   0x00000baa        0x0 c:/winavr-20100110/bin/../lib/gcc/avr/4.3.3/avr5\libgcc.a(_copy_data.o)
 .text.libgcc   0x00000baa        0x0 c:/winavr-20100110/bin/../lib/gcc/avr/4.3.3/avr5\libgcc.a(_clear_bss.o)
 .text.avr-libc
                0x00000baa        0xc c:/winavr-20100110/bin/../lib/gcc/avr/4.3.3/../../../../avr/lib/avr5\libc.a(eerd_word_atmega16.o)
                0x00000baa                __eerd_word_m16
 .text.avr-libc
                0x00000bb6        0xa c:/winavr-20100110/bin/../lib/gcc/avr/4.3.3/../../../../avr/lib/avr5\libc.a(eewr_word_atmega16.o)
                0x00000bb6                __eewr_word_m16
 .text.avr-libc
                0x00000bc0       0x20 c:/winavr-20100110/bin/../lib/gcc/avr/4.3.3/../../../../avr/lib/avr5\libc.a(eerd_block_atmega16.o)
                0x00000bc0                __eerd_block_m16
                0x00000bc4                __eerd_blraw_m16
 .text.avr-libc
                0x00000be0       0x1a c:/winavr-20100110/bin/../lib/gcc/avr/4.3.3/../../../../avr/lib/avr5\libc.a(eewr_byte_atmega16.o)
                0x00000be2                __eewr_r18_m16
                0x00000be0                __eewr_byte_m16
                0x00000bfa                . = ALIGN (0x2)
 *(.fini9)
 .fini9         0x00000bfa        0x0 c:/winavr-20100110/bin/../lib/gcc/avr/4.3.3/avr5\libgcc.a(_exit.o)
                0x00000bfa                exit
                0x00000bfa                _exit
 *(.fini9)
 *(.fini8)
 *(.fini8)
 *(.fini7)
 *(.fini7)
 *(.fini6)
 *(.fini6)
 *(.fini5)
 *(.fini5)
 *(.fini4)
 *(.fini4)
 *(.fini3)
 *(.fini3)
 *(.fini2)
 *(.fini2)
 *(.fini1)
 *(.fini1)
 *(.fini0)
 .fini0         0x00000bfa        0x4 c:/winavr-20100110/bin/../lib/gcc/avr/4.3.3/avr5\libgcc.a(_exit.o)
 *(.fini0)
                0x00000bfe                _etext = .

.data           0x00800060        0xe load address 0x00000bfe
                0x00800060                PROVIDE (__data_start, .)
 *(.data)
 .data          0x00800060        0x0 c:/winavr-20100110/bin/../lib/gcc/avr/4.3.3/../../../../avr/lib/avr5/crtm16.o
 .data          0x00800060        0xd lf.o
                0x00800060                last_offset
                0x00800061                speed
                0x00800063                wValues
 .data          0x0080006d        0x0 pwm.o
 .data          0x0080006d        0x0 QTR.o
 .data          0x0080006d        0x0 uart.o
 .data          0x0080006d        0x0 timer.o
 .data          0x0080006d        0x0 scheduler.o
 .data          0x0080006d        0x1 pid.o
                0x0080006d                dLatchCounter
 .data          0x0080006e        0x0 communication_handler.o
 .data          0x0080006e        0x0 c:/winavr-20100110/bin/../lib/gcc/avr/4.3.3/avr5\libgcc.a(_mulsi3.o)
 .data          0x0080006e        0x0 c:/winavr-20100110/bin/../lib/gcc/avr/4.3.3/avr5\libgcc.a(_udivmodhi4.o)
 .data          0x0080006e        0x0 c:/winavr-20100110/bin/../lib/gcc/avr/4.3.3/avr5\libgcc.a(_divmodhi4.o)
 .data          0x0080006e        0x0 c:/winavr-20100110/bin/../lib/gcc/avr/4.3.3/avr5\libgcc.a(_udivmodsi4.o)
 .data          0x0080006e        0x0 c:/winavr-20100110/bin/../lib/gcc/avr/4.3.3/avr5\libgcc.a(_exit.o)
 .data          0x0080006e        0x0 c:/winavr-20100110/bin/../lib/gcc/avr/4.3.3/avr5\libgcc.a(_copy_data.o)
 .data          0x0080006e        0x0 c:/winavr-20100110/bin/../lib/gcc/avr/4.3.3/avr5\libgcc.a(_clear_bss.o)
 .data          0x0080006e        0x0 c:/winavr-20100110/bin/../lib/gcc/avr/4.3.3/../../../../avr/lib/avr5\libc.a(eerd_word_atmega16.o)
 .data          0x0080006e        0x0 c:/winavr-20100110/bin/../lib/gcc/avr/4.3.3/../../../../avr/lib/avr5\libc.a(eewr_word_atmega16.o)
 .data          0x0080006e        0x0 c:/winavr-20100110/bin/../lib/gcc/avr/4.3.3/../../../../avr/lib/avr5\libc.a(eerd_block_atmega16.o)
 .data          0x0080006e        0x0 c:/winavr-20100110/bin/../lib/gcc/avr/4.3.3/../../../../avr/lib/avr5\libc.a(eewr_byte_atmega16.o)
 *(.data*)
 *(.rodata)
 *(.rodata*)
 *(.gnu.linkonce.d*)
                0x0080006e                . = ALIGN (0x2)
                0x0080006e                _edata = .
                0x0080006e                PROVIDE (__data_end, .)

.bss            0x0080006e       0xa9
                0x0080006e                PROVIDE (__bss_start, .)
 *(.bss)
 .bss           0x0080006e        0x0 c:/winavr-20100110/bin/../lib/gcc/avr/4.3.3/../../../../avr/lib/avr5/crtm16.o
 .bss           0x0080006e       0x10 lf.o
                0x0080007a                weight_val
                0x00800074                output_pid
                0x00800076                left_speed
                0x0080007c                sens_val
                0x0080006e                temp
                0x00800078                calcSpeed
                0x00800077                right_speed
                0x0080006f                offset
                0x00800073                last_value
                0x00800071                sensor_value
 .bss           0x0080007e        0x0 pwm.o
 .bss           0x0080007e        0x6 QTR.o
                0x00800080                valueA
                0x0080007e                internal_counter
                0x00800081                valueB
                0x00800082                value
 .bss           0x00800084        0x0 uart.o
 .bss           0x00800084        0x0 timer.o
 .bss           0x00800084        0x7 scheduler.o
                0x00800089                _it_count
                0x00800084                counter_1ms
                0x00800086                scheduler_status
                0x0080008a                toggleVal
                0x00800087                max_count_val
 .bss           0x0080008b        0xc pid.o
                0x00800091                _i
                0x0080008b                RAM_ePID_P
                0x00800095                _p
                0x0080008f                set_point
                0x00800093                _d
                0x0080008d                RAM_ePID_D
 .bss           0x00800097        0x4 communication_handler.o
                0x0080009a                an_state
                0x00800098                temp_var
                0x00800097                robot_state
 .bss           0x0080009b        0x0 c:/winavr-20100110/bin/../lib/gcc/avr/4.3.3/avr5\libgcc.a(_mulsi3.o)
 .bss           0x0080009b        0x0 c:/winavr-20100110/bin/../lib/gcc/avr/4.3.3/avr5\libgcc.a(_udivmodhi4.o)
 .bss           0x0080009b        0x0 c:/winavr-20100110/bin/../lib/gcc/avr/4.3.3/avr5\libgcc.a(_divmodhi4.o)
 .bss           0x0080009b        0x0 c:/winavr-20100110/bin/../lib/gcc/avr/4.3.3/avr5\libgcc.a(_udivmodsi4.o)
 .bss           0x0080009b        0x0 c:/winavr-20100110/bin/../lib/gcc/avr/4.3.3/avr5\libgcc.a(_exit.o)
 .bss           0x0080009b        0x0 c:/winavr-20100110/bin/../lib/gcc/avr/4.3.3/avr5\libgcc.a(_copy_data.o)
 .bss           0x0080009b        0x0 c:/winavr-20100110/bin/../lib/gcc/avr/4.3.3/avr5\libgcc.a(_clear_bss.o)
 .bss           0x0080009b        0x0 c:/winavr-20100110/bin/../lib/gcc/avr/4.3.3/../../../../avr/lib/avr5\libc.a(eerd_word_atmega16.o)
 .bss           0x0080009b        0x0 c:/winavr-20100110/bin/../lib/gcc/avr/4.3.3/../../../../avr/lib/avr5\libc.a(eewr_word_atmega16.o)
 .bss           0x0080009b        0x0 c:/winavr-20100110/bin/../lib/gcc/avr/4.3.3/../../../../avr/lib/avr5\libc.a(eerd_block_atmega16.o)
 .bss           0x0080009b        0x0 c:/winavr-20100110/bin/../lib/gcc/avr/4.3.3/../../../../avr/lib/avr5\libc.a(eewr_byte_atmega16.o)
 *(.bss*)
 *(COMMON)
 COMMON         0x0080009b       0x14 lf.o
                0x0080009b                sensor_values
 COMMON         0x008000af       0x14 QTR.o
                0x008000af                qtr_values
 COMMON         0x008000c3       0x17 uart.o
                0x008000c3                uart_tx_state
                0x008000c4                uart_rx_index
                0x008000c5                uart_rx_state
                0x008000c6                uart_rx_buffer
 COMMON         0x008000da       0x21 scheduler.o
                0x008000da                active_tasks
                0x008000db                task_array
                0x008000eb                task_period
 COMMON         0x008000fb        0x8 pid.o
                0x008000fb                prv_error
                0x008000fd                output
                0x008000ff                error
                0x00800101                derivate
 COMMON         0x00800103       0x14 communication_handler.o
                0x00800103                uart_buffer
                0x00800117                PROVIDE (__bss_end, .)
                0x00000bfe                __data_load_start = LOADADDR (.data)
                0x00000c0c                __data_load_end = (__data_load_start + SIZEOF (.data))

.noinit         0x00800117        0x0
                0x00800117                PROVIDE (__noinit_start, .)
 *(.noinit*)
                0x00800117                PROVIDE (__noinit_end, .)
                0x00800117                _end = .
                0x00800117                PROVIDE (__heap_start, .)

.eeprom         0x00810000        0x4
 *(.eeprom*)
 .eeprom        0x00810000        0x4 pid.o
                0x00810002                ePid_D
                0x00810000                ePid_P
                0x00810004                __eeprom_end = .

.fuse
 *(.fuse)
 *(.lfuse)
 *(.hfuse)
 *(.efuse)

.lock
 *(.lock*)

.signature
 *(.signature*)

.stab
 *(.stab)

.stabstr
 *(.stabstr)

.stab.excl
 *(.stab.excl)

.stab.exclstr
 *(.stab.exclstr)

.stab.index
 *(.stab.index)

.stab.indexstr
 *(.stab.indexstr)

.comment
 *(.comment)

.debug
 *(.debug)

.line
 *(.line)

.debug_srcinfo
 *(.debug_srcinfo)

.debug_sfnames
 *(.debug_sfnames)

.debug_aranges  0x00000000      0x100
 *(.debug_aranges)
 .debug_aranges
                0x00000000       0x20 lf.o
 .debug_aranges
                0x00000020       0x20 pwm.o
 .debug_aranges
                0x00000040       0x20 QTR.o
 .debug_aranges
                0x00000060       0x20 uart.o
 .debug_aranges
                0x00000080       0x20 timer.o
 .debug_aranges
                0x000000a0       0x20 scheduler.o
 .debug_aranges
                0x000000c0       0x20 pid.o
 .debug_aranges
                0x000000e0       0x20 communication_handler.o

.debug_pubnames
                0x00000000      0x5fe
 *(.debug_pubnames)
 .debug_pubnames
                0x00000000       0xe7 lf.o
 .debug_pubnames
                0x000000e7       0x49 pwm.o
 .debug_pubnames
                0x00000130       0x83 QTR.o
 .debug_pubnames
                0x000001b3       0xca uart.o
 .debug_pubnames
                0x0000027d       0x34 timer.o
 .debug_pubnames
                0x000002b1       0xf4 scheduler.o
 .debug_pubnames
                0x000003a5      0x1be pid.o
 .debug_pubnames
                0x00000563       0x9b communication_handler.o

.debug_info     0x00000000      0xf06
 *(.debug_info)
 .debug_info    0x00000000      0x1ed lf.o
 .debug_info    0x000001ed      0x10d pwm.o
 .debug_info    0x000002fa      0x282 QTR.o
 .debug_info    0x0000057c      0x1d8 uart.o
 .debug_info    0x00000754       0xae timer.o
 .debug_info    0x00000802      0x226 scheduler.o
 .debug_info    0x00000a28      0x39c pid.o
 .debug_info    0x00000dc4      0x142 communication_handler.o
 *(.gnu.linkonce.wi.*)

.debug_abbrev   0x00000000      0x707
 *(.debug_abbrev)
 .debug_abbrev  0x00000000       0xa3 lf.o
 .debug_abbrev  0x000000a3       0x94 pwm.o
 .debug_abbrev  0x00000137      0x166 QTR.o
 .debug_abbrev  0x0000029d       0xf6 uart.o
 .debug_abbrev  0x00000393       0x7d timer.o
 .debug_abbrev  0x00000410      0x109 scheduler.o
 .debug_abbrev  0x00000519      0x11a pid.o
 .debug_abbrev  0x00000633       0xd4 communication_handler.o

.debug_line     0x00000000      0xe1e
 *(.debug_line)
 .debug_line    0x00000000      0x1a5 lf.o
 .debug_line    0x000001a5      0x163 pwm.o
 .debug_line    0x00000308      0x22b QTR.o
 .debug_line    0x00000533      0x1bf uart.o
 .debug_line    0x000006f2       0xd5 timer.o
 .debug_line    0x000007c7      0x1bc scheduler.o
 .debug_line    0x00000983      0x266 pid.o
 .debug_line    0x00000be9      0x235 communication_handler.o

.debug_frame    0x00000000      0x2f0
 *(.debug_frame)
 .debug_frame   0x00000000       0x30 lf.o
 .debug_frame   0x00000030       0x40 pwm.o
 .debug_frame   0x00000070       0x40 QTR.o
 .debug_frame   0x000000b0       0x70 uart.o
 .debug_frame   0x00000120       0x30 timer.o
 .debug_frame   0x00000150       0x70 scheduler.o
 .debug_frame   0x000001c0       0xf0 pid.o
 .debug_frame   0x000002b0       0x40 communication_handler.o

.debug_str      0x00000000      0x5e8
 *(.debug_str)
 .debug_str     0x00000000      0x12b lf.o
                                0x180 (size before relaxing)
 .debug_str     0x0000012b       0x5a pwm.o
                                0x131 (size before relaxing)
 .debug_str     0x00000185       0xb1 QTR.o
                                0x19f (size before relaxing)
 .debug_str     0x00000236       0xbc uart.o
                                0x19b (size before relaxing)
 .debug_str     0x000002f2       0x3b timer.o
                                0x10a (size before relaxing)
 .debug_str     0x0000032d       0xda scheduler.o
                                0x1c5 (size before relaxing)
 .debug_str     0x00000407      0x141 pid.o
                                0x23f (size before relaxing)
 .debug_str     0x00000548       0xa0 communication_handler.o
                                0x178 (size before relaxing)

.debug_loc      0x00000000      0x3cd
 *(.debug_loc)
 .debug_loc     0x00000000       0xd5 pwm.o
 .debug_loc     0x000000d5       0x63 QTR.o
 .debug_loc     0x00000138       0xa5 uart.o
 .debug_loc     0x000001dd       0x46 scheduler.o
 .debug_loc     0x00000223      0x11e pid.o
 .debug_loc     0x00000341       0x8c communication_handler.o

.debug_macinfo
 *(.debug_macinfo)
OUTPUT(lf.elf elf32-avr)
LOAD linker stubs
